// Jest Snapshot v1, https://goo.gl/fbAQLP

exports[`Btn matches snapshot when mounted 1`] = `
<button
  class="btn"
  type="button"
>
  Click me
</button>
`;

exports[`Btn matches snapshot when shallow mounted 1`] = `
<button
  class="btn"
  type="button"
>
  Click me
</button>
`;
